This is pdfTeX, Version 3.141592653-2.6-1.40.27 (TeX Live 2025/nixos.org) (preloaded format=pdflatex 1980.1.1)  22 APR 2026 14:06
entering extended mode
 restricted \write18 enabled.
 file:line:error style messages enabled.
 %&-line parsing enabled.
**main.tex
(./main.tex
LaTeX2e <2025-11-01>
L3 programming layer <2026-01-19>
(/nix/store/10phrhvgxyw4aj6dqdda4hlv2fc7xh66-texlive-2025-r77567-env/tex/latex/base/article.cls
Document Class: article 2025/01/22 v1.4n Standard LaTeX document class
(/nix/store/10phrhvgxyw4aj6dqdda4hlv2fc7xh66-texlive-2025-r77567-env/tex/latex/base/size12.clo
File: size12.clo 2025/01/22 v1.4n Standard LaTeX file (size option)
)
\c@part=\count275
\c@section=\count276
\c@subsection=\count277
\c@subsubsection=\count278
\c@paragraph=\count279
\c@subparagraph=\count280
\c@figure=\count281
\c@table=\count282
\abovecaptionskip=\skip49
\belowcaptionskip=\skip50
\bibindent=\dimen148
) (/nix/store/10phrhvgxyw4aj6dqdda4hlv2fc7xh66-texlive-2025-r77567-env/tex/latex/base/inputenc.sty
Package: inputenc 2024/02/08 v1.3d Input encoding file
\inpenc@prehook=\toks17
\inpenc@posthook=\toks18
) (/nix/store/10phrhvgxyw4aj6dqdda4hlv2fc7xh66-texlive-2025-r77567-env/tex/latex/base/fontenc.sty
Package: fontenc 2025/07/18 v2.1d Standard LaTeX package
) (/nix/store/10phrhvgxyw4aj6dqdda4hlv2fc7xh66-texlive-2025-r77567-env/tex/generic/babel/babel.sty
Package: babel 2026/01/26 v26.2 The multilingual framework for LuaLaTeX, pdfLaTeX and XeLaTeX
\babel@savecnt=\count283
LaTeX Encoding Info:    Redeclaring text command \ij (encoding OT1) on input line 2078.
LaTeX Encoding Info:    Redeclaring text command \IJ (encoding OT1) on input line 2080.
LaTeX Encoding Info:    Redeclaring text command \ij (encoding T1) on input line 2082.
LaTeX Encoding Info:    Redeclaring text command \IJ (encoding T1) on input line 2083.
LaTeX Encoding Info:    Ignoring declaration for text command \ij (encoding ?) on input line 2084.
LaTeX Encoding Info:    Ignoring declaration for text command \IJ (encoding ?) on input line 2086.
LaTeX Encoding Info:    Ignoring declaration for text command \SS (encoding ?) on input line 2111.
\U@D=\dimen149
\l@unhyphenated=\language90
 (/nix/store/10phrhvgxyw4aj6dqdda4hlv2fc7xh66-texlive-2025-r77567-env/tex/generic/babel/txtbabel.def)
\bbl@readstream=\read2
\bbl@dirlevel=\count284
 (/nix/store/10phrhvgxyw4aj6dqdda4hlv2fc7xh66-texlive-2025-r77567-env/tex/generic/babel/locale/es/babel-spanish.tex)
Package babel Info: Importing font and identification data for spanish
(babel)             from babel-es.ini. Reported on input line 4330.
 (/nix/store/10phrhvgxyw4aj6dqdda4hlv2fc7xh66-texlive-2025-r77567-env/tex/generic/babel-spanish/spanish.ldf
Language: spanish.ldf 2021/05/27 v5.0q Spanish support from the babel system
\es@quottoks=\toks19
\es@quotdepth=\count285
Package babel Info: Making " an active character on input line 570.
Package babel Info: Making . an active character on input line 675.
Package babel Info: Making < an active character on input line 722.
Package babel Info: Making > an active character on input line 722.
))
LaTeX Encoding Info:    Redeclaring text command \guillemotleft (encoding OT1) on input line 7.
LaTeX Encoding Info:    Redeclaring text command \guillemotright (encoding OT1) on input line 7.
 (/nix/store/10phrhvgxyw4aj6dqdda4hlv2fc7xh66-texlive-2025-r77567-env/tex/latex/graphics/graphicx.sty
Package: graphicx 2024/12/31 v1.2e Enhanced LaTeX Graphics (DPC,SPQR)
 (/nix/store/10phrhvgxyw4aj6dqdda4hlv2fc7xh66-texlive-2025-r77567-env/tex/latex/graphics/keyval.sty
Package: keyval 2022/05/29 v1.15 key=value parser (DPC)
\KV@toks@=\toks20
) (/nix/store/10phrhvgxyw4aj6dqdda4hlv2fc7xh66-texlive-2025-r77567-env/tex/latex/graphics/graphics.sty
Package: graphics 2024/08/06 v1.4g Standard LaTeX Graphics (DPC,SPQR)
 (/nix/store/10phrhvgxyw4aj6dqdda4hlv2fc7xh66-texlive-2025-r77567-env/tex/latex/graphics/trig.sty
Package: trig 2023/12/02 v1.11 sin cos tan (DPC)
) (/nix/store/10phrhvgxyw4aj6dqdda4hlv2fc7xh66-texlive-2025-r77567-env/tex/latex/graphics-cfg/graphics.cfg
File: graphics.cfg 2016/06/04 v1.11 sample graphics configuration
)
Package graphics Info: Driver file: pdftex.def on input line 106.
 (/nix/store/10phrhvgxyw4aj6dqdda4hlv2fc7xh66-texlive-2025-r77567-env/tex/latex/graphics-def/pdftex.def
File: pdftex.def 2025/09/29 v1.2d Graphics/color driver for pdftex
))
\Gin@req@height=\dimen150
\Gin@req@width=\dimen151
) (/nix/store/10phrhvgxyw4aj6dqdda4hlv2fc7xh66-texlive-2025-r77567-env/tex/latex/float/float.sty
Package: float 2001/11/08 v1.3d Float enhancements (AL)
\c@float@type=\count286
\float@exts=\toks21
\float@box=\box53
\@float@everytoks=\toks22
\@floatcapt=\box54
) (/nix/store/10phrhvgxyw4aj6dqdda4hlv2fc7xh66-texlive-2025-r77567-env/tex/latex/hyperref/hyperref.sty
Package: hyperref 2026-01-29 v7.01p Hypertext links for LaTeX
 (/nix/store/10phrhvgxyw4aj6dqdda4hlv2fc7xh66-texlive-2025-r77567-env/tex/generic/iftex/iftex.sty
Package: iftex 2024/12/12 v1.0g TeX engine tests
) (/nix/store/10phrhvgxyw4aj6dqdda4hlv2fc7xh66-texlive-2025-r77567-env/tex/latex/kvsetkeys/kvsetkeys.sty
Package: kvsetkeys 2022-10-05 v1.19 Key value parser (HO)
) (/nix/store/10phrhvgxyw4aj6dqdda4hlv2fc7xh66-texlive-2025-r77567-env/tex/generic/kvdefinekeys/kvdefinekeys.sty
Package: kvdefinekeys 2019-12-19 v1.6 Define keys (HO)
) (/nix/store/10phrhvgxyw4aj6dqdda4hlv2fc7xh66-texlive-2025-r77567-env/tex/generic/pdfescape/pdfescape.sty
Package: pdfescape 2019/12/09 v1.15 Implements pdfTeX's escape features (HO)

(/nix/store/10phrhvgxyw4aj6dqdda4hlv2fc7xh66-texlive-2025-r77567-env/tex/generic/ltxcmds/ltxcmds.sty
Package: ltxcmds 2023-12-04 v1.26 LaTeX kernel commands for general use (HO)
) (/nix/store/10phrhvgxyw4aj6dqdda4hlv2fc7xh66-texlive-2025-r77567-env/tex/generic/pdftexcmds/pdftexcmds.sty
Package: pdftexcmds 2020-06-27 v0.33 Utility functions of pdfTeX for LuaTeX (HO)
 (/nix/store/10phrhvgxyw4aj6dqdda4hlv2fc7xh66-texlive-2025-r77567-env/tex/generic/infwarerr/infwarerr.sty
Package: infwarerr 2019/12/03 v1.5 Providing info/warning/error messages (HO)
)
Package pdftexcmds Info: \pdf@primitive is available.
Package pdftexcmds Info: \pdf@ifprimitive is available.
Package pdftexcmds Info: \pdfdraftmode found.
)) (/nix/store/10phrhvgxyw4aj6dqdda4hlv2fc7xh66-texlive-2025-r77567-env/tex/latex/hycolor/hycolor.sty
Package: hycolor 2020-01-27 v1.10 Color options for hyperref/bookmark (HO)
) (/nix/store/10phrhvgxyw4aj6dqdda4hlv2fc7xh66-texlive-2025-r77567-env/tex/latex/hyperref/nameref.sty
Package: nameref 2026-01-29 v2.58 Cross-referencing by name of section
 (/nix/store/10phrhvgxyw4aj6dqdda4hlv2fc7xh66-texlive-2025-r77567-env/tex/latex/refcount/refcount.sty
Package: refcount 2019/12/15 v3.6 Data extraction from label references (HO)
) (/nix/store/10phrhvgxyw4aj6dqdda4hlv2fc7xh66-texlive-2025-r77567-env/tex/generic/gettitlestring/gettitlestring.sty
Package: gettitlestring 2019/12/15 v1.6 Cleanup title references (HO)
 (/nix/store/10phrhvgxyw4aj6dqdda4hlv2fc7xh66-texlive-2025-r77567-env/tex/latex/kvoptions/kvoptions.sty
Package: kvoptions 2022-06-15 v3.15 Key value format for package options (HO)
))
\c@section@level=\count287
) (/nix/store/10phrhvgxyw4aj6dqdda4hlv2fc7xh66-texlive-2025-r77567-env/tex/latex/etoolbox/etoolbox.sty
Package: etoolbox 2025/10/02 v2.5m e-TeX tools for LaTeX (JAW)
\etb@tempcnta=\count288
) (/nix/store/10phrhvgxyw4aj6dqdda4hlv2fc7xh66-texlive-2025-r77567-env/tex/generic/stringenc/stringenc.sty
Package: stringenc 2019/11/29 v1.12 Convert strings between diff. encodings (HO)
)
\@linkdim=\dimen152
\Hy@linkcounter=\count289
\Hy@pagecounter=\count290
 (/nix/store/10phrhvgxyw4aj6dqdda4hlv2fc7xh66-texlive-2025-r77567-env/tex/latex/hyperref/pd1enc.def
File: pd1enc.def 2026-01-29 v7.01p Hyperref: PDFDocEncoding definition (HO)
Now handling font encoding PD1 ...
... no UTF-8 mapping file for font encoding PD1
) (/nix/store/10phrhvgxyw4aj6dqdda4hlv2fc7xh66-texlive-2025-r77567-env/tex/generic/intcalc/intcalc.sty
Package: intcalc 2019/12/15 v1.3 Expandable calculations with integers (HO)
)
\Hy@SavedSpaceFactor=\count291
 (/nix/store/10phrhvgxyw4aj6dqdda4hlv2fc7xh66-texlive-2025-r77567-env/tex/latex/hyperref/puenc.def
File: puenc.def 2026-01-29 v7.01p Hyperref: PDF Unicode definition (HO)
Now handling font encoding PU ...
... no UTF-8 mapping file for font encoding PU
)
Package hyperref Info: Hyper figures OFF on input line 4201.
Package hyperref Info: Link nesting OFF on input line 4206.
Package hyperref Info: Hyper index ON on input line 4209.
Package hyperref Info: Plain pages OFF on input line 4216.
Package hyperref Info: Backreferencing OFF on input line 4221.
Package hyperref Info: Implicit mode ON; LaTeX internals redefined.
Package hyperref Info: Bookmarks ON on input line 4468.
\c@Hy@tempcnt=\count292
 (/nix/store/10phrhvgxyw4aj6dqdda4hlv2fc7xh66-texlive-2025-r77567-env/tex/latex/url/url.sty
\Urlmuskip=\muskip17
Package: url 2013/09/16  ver 3.4  Verb mode for urls, etc.
)
LaTeX Info: Redefining \url on input line 4807.
\XeTeXLinkMargin=\dimen153
 (/nix/store/10phrhvgxyw4aj6dqdda4hlv2fc7xh66-texlive-2025-r77567-env/tex/generic/bitset/bitset.sty
Package: bitset 2019/12/09 v1.3 Handle bit-vector datatype (HO)
 (/nix/store/10phrhvgxyw4aj6dqdda4hlv2fc7xh66-texlive-2025-r77567-env/tex/generic/bigintcalc/bigintcalc.sty
Package: bigintcalc 2019/12/15 v1.5 Expandable calculations on big integers (HO)
))
\Fld@menulength=\count293
\Field@Width=\dimen154
\Fld@charsize=\dimen155
Package hyperref Info: Hyper figures OFF on input line 6084.
Package hyperref Info: Link nesting OFF on input line 6089.
Package hyperref Info: Hyper index ON on input line 6092.
Package hyperref Info: backreferencing OFF on input line 6099.
Package hyperref Info: Link coloring OFF on input line 6104.
Package hyperref Info: Link coloring with OCG OFF on input line 6109.
Package hyperref Info: PDF/A mode OFF on input line 6114.
\Hy@abspage=\count294
\c@Item=\count295
\c@Hfootnote=\count296
)
Package hyperref Info: Driver (autodetected): hpdftex.
 (/nix/store/10phrhvgxyw4aj6dqdda4hlv2fc7xh66-texlive-2025-r77567-env/tex/latex/hyperref/hpdftex.def
File: hpdftex.def 2026-01-29 v7.01p Hyperref driver for pdfTeX
\Fld@listcount=\count297
\c@bookmark@seq@number=\count298
 (/nix/store/10phrhvgxyw4aj6dqdda4hlv2fc7xh66-texlive-2025-r77567-env/tex/latex/rerunfilecheck/rerunfilecheck.sty
Package: rerunfilecheck 2025-06-21 v1.11 Rerun checks for auxiliary files (HO)
 (/nix/store/10phrhvgxyw4aj6dqdda4hlv2fc7xh66-texlive-2025-r77567-env/tex/generic/uniquecounter/uniquecounter.sty
Package: uniquecounter 2019/12/15 v1.4 Provide unlimited unique counter (HO)
)
Package uniquecounter Info: New unique counter `rerunfilecheck' on input line 284.
)
\Hy@SectionHShift=\skip51
)
(/nix/store/10phrhvgxyw4aj6dqdda4hlv2fc7xh66-texlive-2025-r77567-env/tex/latex/csquotes/csquotes.sty
Package: csquotes 2024-04-04 v5.2o context-sensitive quotations (JAW)
\csq@reset=\count299
\csq@gtype=\count300
\csq@glevel=\count301
\csq@qlevel=\count302
\csq@maxlvl=\count303
\csq@tshold=\count304
\csq@ltx@everypar=\toks23
 (/nix/store/10phrhvgxyw4aj6dqdda4hlv2fc7xh66-texlive-2025-r77567-env/tex/latex/csquotes/csquotes.def
File: csquotes.def 2024-04-04 v5.2o csquotes generic definitions (JAW)
)
Package csquotes Info: Trying to load configuration file 'csquotes.cfg'...
Package csquotes Info: ... configuration file loaded successfully.
 (/nix/store/10phrhvgxyw4aj6dqdda4hlv2fc7xh66-texlive-2025-r77567-env/tex/latex/csquotes/csquotes.cfg
File: csquotes.cfg 
))
Package csquotes Info: Checking for multilingual support...
Package csquotes Info: ... found 'babel' package.
Package csquotes Info: Adjusting default style.
Package csquotes Info: Redefining alias 'default' -> 'spanish'.
 (/nix/store/10phrhvgxyw4aj6dqdda4hlv2fc7xh66-texlive-2025-r77567-env/tex/latex/l3backend/l3backend-pdftex.def
File: l3backend-pdftex.def 2025-10-09 L3 backend support: PDF output (pdfTeX)
\l__color_backend_stack_int=\count305
) (./main.aux
LaTeX Info: Redefining \. on input line 11.
LaTeX Info: Redefining \% on input line 11.
Package babel Info: 'spanish' activates 'spanish' shorthands.
(babel)             Reported on input line 11.
)
\openout1 = `main.aux'.

LaTeX Font Info:    Checking defaults for OML/cmm/m/it on input line 21.
LaTeX Font Info:    ... okay on input line 21.
LaTeX Font Info:    Checking defaults for OMS/cmsy/m/n on input line 21.
LaTeX Font Info:    ... okay on input line 21.
LaTeX Font Info:    Checking defaults for OT1/cmr/m/n on input line 21.
LaTeX Font Info:    ... okay on input line 21.
LaTeX Font Info:    Checking defaults for T1/cmr/m/n on input line 21.
LaTeX Font Info:    ... okay on input line 21.
LaTeX Font Info:    Checking defaults for TS1/cmr/m/n on input line 21.
LaTeX Font Info:    ... okay on input line 21.
LaTeX Font Info:    Checking defaults for OMX/cmex/m/n on input line 21.
LaTeX Font Info:    ... okay on input line 21.
LaTeX Font Info:    Checking defaults for U/cmr/m/n on input line 21.
LaTeX Font Info:    ... okay on input line 21.
LaTeX Font Info:    Checking defaults for PD1/pdf/m/n on input line 21.
LaTeX Font Info:    ... okay on input line 21.
LaTeX Font Info:    Checking defaults for PU/pdf/m/n on input line 21.
LaTeX Font Info:    ... okay on input line 21.
LaTeX Info: Redefining \. on input line 21.
LaTeX Info: Redefining \% on input line 21.
 (/nix/store/10phrhvgxyw4aj6dqdda4hlv2fc7xh66-texlive-2025-r77567-env/tex/context/base/mkii/supp-pdf.mkii
[Loading MPS to PDF converter (version 2006.09.02).]
\scratchcounter=\count306
\scratchdimen=\dimen156
\scratchbox=\box55
\nofMPsegments=\count307
\nofMParguments=\count308
\everyMPshowfont=\toks24
\MPscratchCnt=\count309
\MPscratchDim=\dimen157
\MPnumerator=\count310
\makeMPintoPDFobject=\count311
\everyMPtoPDFconversion=\toks25
) (/nix/store/10phrhvgxyw4aj6dqdda4hlv2fc7xh66-texlive-2025-r77567-env/tex/latex/epstopdf-pkg/epstopdf-base.sty
Package: epstopdf-base 2020-01-24 v2.11 Base part for package epstopdf
Package epstopdf-base Info: Redefining graphics rule for `.eps' on input line 485.
 (/nix/store/10phrhvgxyw4aj6dqdda4hlv2fc7xh66-texlive-2025-r77567-env/tex/latex/latexconfig/epstopdf-sys.cfg
File: epstopdf-sys.cfg 2010/07/13 v1.3 Configuration of (r)epstopdf for TeX Live
))
Package hyperref Info: Link coloring OFF on input line 21.
 (./main.out) (./main.out)
\@outlinefile=\write3
\openout3 = `main.out'.

 [1

{/nix/store/17q8ib1amm11mv206wgfaxwclpbq3cf6-texlive-2025-r77567-env/share/texmf-var/fonts/map/pdftex/updmap/pdftex.map}{/nix/store/10phrhvgxyw4aj6dqdda4hlv2fc7xh66-texlive-2025-r77567-env/fonts/enc/dvips/cm-super/cm-super-t1.enc}] (./main.toc
LaTeX Info: Redefining \. on input line 1.
LaTeX Info: Redefining \% on input line 1.
LaTeX Font Info:    External font `cmex10' loaded for size
(Font)              <12> on input line 3.
LaTeX Font Info:    External font `cmex10' loaded for size
(Font)              <8> on input line 3.
LaTeX Font Info:    External font `cmex10' loaded for size
(Font)              <6> on input line 3.
)
\tf@toc=\write4
\openout4 = `main.toc'.


pdfTeX warning (ext4): destination with the same identifier (name{page.1}) has been already used, duplicate ignored
<to be read again> 
                   \relax 
l.39 \newpage
              [1]
Overfull \hbox (34.93163pt too wide) in paragraph at lines 50--51
[]\T1/cmr/m/n/12 Inspección de va-ria-bles de en-torno: \T1/cmtt/m/n/12 SPARK_MASTER_URL \T1/cmr/m/n/12 y \T1/cmtt/m/n/12 SPARK_MASTER_HOST\T1/cmr/m/n/12 . 
 []


Overfull \hbox (52.79869pt too wide) in paragraph at lines 52--53
[]\T1/cmr/m/n/12 Estrategia de fall-back: En au-sen-cia de pa-rá-me-tros, uti-li-za \T1/cmtt/m/n/12 socket.gethostname()
 []

[2]
Overfull \hbox (53.90956pt too wide) in paragraph at lines 84--85
[]\T1/cmr/bx/n/12 Particionamiento\T1/cmr/m/n/12 : Uso de \T1/cmtt/m/n/12 Window.partitionBy("Symbol").orderBy("Date")
 []

[3] [4] [5] (./main.aux
LaTeX Info: Redefining \. on input line 11.
LaTeX Info: Redefining \% on input line 11.
)
 ***********
LaTeX2e <2025-11-01>
L3 programming layer <2026-01-19>
 ***********
Package rerunfilecheck Info: File `main.out' has not changed.
(rerunfilecheck)             Checksum: 71E992C6BEB236091E0790ED18C306E9;3690.
 ) 
Here is how much of TeX's memory you used:
 10805 strings out of 467535
 173263 string characters out of 5397134
 603105 words of memory out of 5000000
 39582 multiletter control sequences out of 15000+600000
 638397 words of font info for 60 fonts, out of 8000000 for 9000
 1141 hyphenation exceptions out of 8191
 75i,5n,79p,433b,547s stack positions out of 10000i,1000n,20000p,200000b,200000s
</nix/store/10phrhvgxyw4aj6dqdda4hlv2fc7xh66-texlive-2025-r77567-env/fonts/type1/public/amsfonts/cm/cmmi12.pfb></nix/store/10phrhvgxyw4aj6dqdda4hlv2fc7xh66-texlive-2025-r77567-env/fonts/type1/public/amsfonts/cm/cmr8.pfb></nix/store/10phrhvgxyw4aj6dqdda4hlv2fc7xh66-texlive-2025-r77567-env/fonts/type1/public/cm-super/sfbx1200.pfb></nix/store/10phrhvgxyw4aj6dqdda4hlv2fc7xh66-texlive-2025-r77567-env/fonts/type1/public/cm-super/sfbx1440.pfb></nix/store/10phrhvgxyw4aj6dqdda4hlv2fc7xh66-texlive-2025-r77567-env/fonts/type1/public/cm-super/sfbx1728.pfb></nix/store/10phrhvgxyw4aj6dqdda4hlv2fc7xh66-texlive-2025-r77567-env/fonts/type1/public/cm-super/sfbx2488.pfb></nix/store/10phrhvgxyw4aj6dqdda4hlv2fc7xh66-texlive-2025-r77567-env/fonts/type1/public/cm-super/sfrm1095.pfb></nix/store/10phrhvgxyw4aj6dqdda4hlv2fc7xh66-texlive-2025-r77567-env/fonts/type1/public/cm-super/sfrm1200.pfb></nix/store/10phrhvgxyw4aj6dqdda4hlv2fc7xh66-texlive-2025-r77567-env/fonts/type1/public/cm-super/sfrm1440.pfb></nix/store/10phrhvgxyw4aj6dqdda4hlv2fc7xh66-texlive-2025-r77567-env/fonts/type1/public/cm-super/sfti1200.pfb></nix/store/10phrhvgxyw4aj6dqdda4hlv2fc7xh66-texlive-2025-r77567-env/fonts/type1/public/cm-super/sftt1200.pfb>
Output written on main.pdf (6 pages, 220932 bytes).
PDF statistics:
 170 PDF objects out of 1000 (max. 8388607)
 138 compressed objects within 2 object streams
 22 named destinations out of 1000 (max. 500000)
 121 words of extra memory for PDF output out of 10000 (max. 10000000)

